// Jest Snapshot v1, https://goo.gl/fbAQLP

exports[`<Providers /> renders correctly 1`] = `
<Text
  dataSet={{}}
  style={
    {
      "backgroundColor": undefined,
      "color": "#171717",
      "fontFamily": undefined,
      "fontSize": 14,
      "fontStyle": "normal",
      "fontWeight": "400",
      "letterSpacing": 0,
      "lineHeight": 21,
      "textDecorationLine": undefined,
    }
  }
>
  Children
</Text>
`;
